Running "module reset". Resetting modules to system default. The following $MODULEPATH directories have been removed: None
-------------------------------------------------------------------------------
There are messages associated with the following module(s):
-------------------------------------------------------------------------------

DefApps:
   ROCm/5.x modules and HPE/Cray Programming Environment (CPE) versions <=
   23.12 were removed on July 1, 2026. For more information regarding the
   removal, please see https://docs.olcf.ornl.gov/software/software-news.html#frontier-software-changes-july-1-2026

-------------------------------------------------------------------------------


The following have been reloaded with a version change:
  1) PrgEnv-cray/8.6.0 => PrgEnv-cray/8.5.0
  2) cce/18.0.1 => cce/18.0.0
  3) cray-libsci/24.11.0 => cray-libsci/24.07.0
  4) cray-mpich/8.1.31 => cray-mpich/8.1.30
  5) cray-pmi/6.1.15 => cray-pmi/6.1.15.21
  6) craype/2.7.33 => craype/2.7.32
  7) darshan-runtime/3.4.6-mpi => darshan-runtime/3.4.4-mpi
  8) perftools-base/24.11.0 => perftools-base/24.07.0

Lmod Warning:
================================================================================

    Mixed compiler modules are being deprecated in a future release.
    For more information run: module help amd-mixed

================================================================================


While processing the following module(s):
    Module fullname  Module Filename
    ---------------  ---------------
    amd-mixed/7.1.1  /opt/cray/pe/lmod/modulefiles/mix_compilers/amd-mixed/7.1.1.lua


Lmod is automatically replacing "cce/18.0.0" with "gcc-native/13.2".


Lmod is automatically replacing "PrgEnv-cray/8.5.0" with "PrgEnv-gnu/8.5.0".

Lmod Warning:
================================================================================

    Mixed compiler modules are being deprecated in a future release.
    For more information run: module help amd-mixed

================================================================================


While processing the following module(s):
    Module fullname  Module Filename
    ---------------  ---------------
    amd-mixed/7.1.1  /opt/cray/pe/lmod/modulefiles/mix_compilers/amd-mixed/7.1.1.lua


Due to MODULEPATH changes, the following have been reloaded:
  1) cray-libsci/24.07.0     2) cray-mpich/8.1.30     3) darshan-runtime/3.4.4-mpi

Lmod Warning:
================================================================================

    Mixed compiler modules are being deprecated in a future release.
    For more information run: module help amd-mixed

================================================================================


While processing the following module(s):
    Module fullname  Module Filename
    ---------------  ---------------
    amd-mixed/7.1.1  /opt/cray/pe/lmod/modulefiles/mix_compilers/amd-mixed/7.1.1.lua


Note: the module "darshan-runtime" cannot be unloaded because it was not
loaded.

Lmod Warning:
================================================================================

    Mixed compiler modules are being deprecated in a future release.
    For more information run: module help amd-mixed

================================================================================


While processing the following module(s):
    Module fullname  Module Filename
    ---------------  ---------------
    amd-mixed/7.1.1  /opt/cray/pe/lmod/modulefiles/mix_compilers/amd-mixed/7.1.1.lua

============================================================
 OPF Jacobian multi-model single-GPU analysis
 Models      : sage_g-case500 heat_g-case500 hgt_g-case500 pna_g-case500 rgat_g-case500 gat_g-case500 gin_g-case500
 Dataset     : /lustre/orion/lrn070/proj-shared/ndelingat/HydraGNN/examples/opf/dataset/case500.h5
 CPU helpers : 7
 GPU/task    : 1
 Samples     : 100 test samples/model
 Sources     : 16 load nodes/sample
============================================================
torch= 2.12.1+rocm7.1 hip= 7.1.52802 device= AMD Instinct MI250X

------------------------------------------------------------
 Model      : sage_g-case500
 Checkpoint : /lustre/orion/lrn070/proj-shared/ndelingat/HydraGNN/examples/opf/logs/sage_g-case500/sage_g-case500.pk
 Output     : /lustre/orion/lrn070/proj-shared/ndelingat/HydraGNN/examples/opf/logs/sage_g-case500/jacobian_analysis_gpu_case500_100s_16src
------------------------------------------------------------
WARNING: All log messages before absl::InitializeLog() is called are written to STDERR
I0000 00:00:1785353227.205210 2138719 cudart_stub.cc:31] Could not find cuda drivers on your machine, GPU will not be used.
I0000 00:00:1785353228.780027 2138719 cpu_feature_guard.cc:227] This TensorFlow binary is optimized to use available CPU instructions in performance-critical operations.
To enable the following instructions: AVX2 FMA, in other operations, rebuild TensorFlow with the appropriate compiler flags.
WARNING: All log messages before absl::InitializeLog() is called are written to STDERR
I0000 00:00:1785353232.365728 2138719 cudart_stub.cc:31] Could not find cuda drivers on your machine, GPU will not be used.
/lustre/orion/lrn070/proj-shared/ndelingat/HydraGNN/hydragnn/utils/input_config_parsing/config_utils.py:210: UserWarning: E(3) equivariance can only be toggled for EGNN. Setting it for HeteroSAGE won't break anything,but won't change anything either.
  warnings.warn(
Checkpoint: /lustre/orion/lrn070/proj-shared/ndelingat/HydraGNN/examples/opf/logs/sage_g-case500/sage_g-case500_epoch_49.pk
Config:     /lustre/orion/lrn070/proj-shared/ndelingat/HydraGNN/examples/opf/logs/sage_g-case500/config.json
Dataset:    /lustre/orion/lrn070/proj-shared/ndelingat/HydraGNN/examples/opf/dataset/case500.h5
Device:     cuda:0
Precision:  fp32 analysis (checkpoint config: fp32)
Diagnostics: checkpoint oversmoothing collection disabled for JVPs
Results:    /lustre/orion/lrn070/proj-shared/ndelingat/HydraGNN/examples/opf/logs/sage_g-case500/jacobian_analysis_gpu_case500_100s_16src
Source sampling: up to 16 nodes per sample, rotated across samples.
Analyzing test: 100 samples
/lustre/orion/lrn070/proj-shared/ndelingat/HydraGNN/examples/opf/analyze_opf_jacobian.py:1360: UserWarning: torch.func.jvp is unsupported by an operation in this model; falling back to torch.autograd.functional.jvp. Original error: NotImplementedError: Trying to use forward AD with aten::_native_multi_head_attention that does not support it.
  response = jvp(
Traceback (most recent call last):
  File "/lustre/orion/lrn070/proj-shared/ndelingat/HydraGNN/examples/opf/analyze_opf_jacobian.py", line 239, in __call__
    response = self._func_jvp(function, primal, tangent)
               ^^^^^^^^^^^^^^^^^^^^^^^^^^^^^^^^^^^^^^^^^
  File "/lustre/orion/lrn070/proj-shared/ndelingat/HydraGNN/examples/opf/analyze_opf_jacobian.py", line 218, in _func_jvp
    _, response = torch.func.jvp(function, (primal,), (tangent,))
                  ^^^^^^^^^^^^^^^^^^^^^^^^^^^^^^^^^^^^^^^^^^^^^^^
  File "/lustre/orion/lrn070/proj-shared/ndelingat/HydraGNN/installation_DOE_supercomputers/HydraGNN-Installation-Frontier/hydragnn_venv/lib/python3.11/site-packages/torch/_functorch/eager_transforms.py", line 1149, in jvp
    return _jvp_with_argnums(
           ^^^^^^^^^^^^^^^^^^
  File "/lustre/orion/lrn070/proj-shared/ndelingat/HydraGNN/installation_DOE_supercomputers/HydraGNN-Installation-Frontier/hydragnn_venv/lib/python3.11/site-packages/torch/_functorch/eager_transforms.py", line 1208, in _jvp_with_argnums
    result_duals = func(*duals)
                   ^^^^^^^^^^^^
  File "/lustre/orion/lrn070/proj-shared/ndelingat/HydraGNN/examples/opf/analyze_opf_jacobian.py", line 1340, in forward_from_source_x
    raw_output = _model_output(
                 ^^^^^^^^^^^^^^
  File "/lustre/orion/lrn070/proj-shared/ndelingat/HydraGNN/examples/opf/analyze_opf_jacobian.py", line 689, in _model_output
    outputs = model(data)
              ^^^^^^^^^^^
  File "/lustre/orion/lrn070/proj-shared/ndelingat/HydraGNN/installation_DOE_supercomputers/HydraGNN-Installation-Frontier/hydragnn_venv/lib/python3.11/site-packages/torch/nn/modules/module.py", line 1778, in _wrapped_call_impl
    return self._call_impl(*args, **kwargs)
           ^^^^^^^^^^^^^^^^^^^^^^^^^^^^^^^^
  File "/lustre/orion/lrn070/proj-shared/ndelingat/HydraGNN/installation_DOE_supercomputers/HydraGNN-Installation-Frontier/hydragnn_venv/lib/python3.11/site-packages/torch/nn/modules/module.py", line 1789, in _call_impl
    return forward_call(*args, **kwargs)
           ^^^^^^^^^^^^^^^^^^^^^^^^^^^^^
  File "/lustre/orion/lrn070/proj-shared/ndelingat/HydraGNN/hydragnn/models/heterogeneous/HeteroBase.py", line 793, in forward
    x_dict = conv(
             ^^^^^
  File "/lustre/orion/lrn070/proj-shared/ndelingat/HydraGNN/installation_DOE_supercomputers/HydraGNN-Installation-Frontier/hydragnn_venv/lib/python3.11/site-packages/torch/nn/modules/module.py", line 1778, in _wrapped_call_impl
    return self._call_impl(*args, **kwargs)
           ^^^^^^^^^^^^^^^^^^^^^^^^^^^^^^^^
  File "/lustre/orion/lrn070/proj-shared/ndelingat/HydraGNN/installation_DOE_supercomputers/HydraGNN-Installation-Frontier/hydragnn_venv/lib/python3.11/site-packages/torch/nn/modules/module.py", line 1789, in _call_impl
    return forward_call(*args, **kwargs)
           ^^^^^^^^^^^^^^^^^^^^^^^^^^^^^
  File "/lustre/orion/lrn070/proj-shared/ndelingat/HydraGNN/hydragnn/globalAtt/HeteroGPS.py", line 259, in forward
    global_out = self._apply_global_attention(x_dict, batch_dict)
                 ^^^^^^^^^^^^^^^^^^^^^^^^^^^^^^^^^^^^^^^^^^^^^^^^
  File "/lustre/orion/lrn070/proj-shared/ndelingat/HydraGNN/hydragnn/globalAtt/HeteroGPS.py", line 205, in _apply_global_attention
    dense, _ = self.attn(
               ^^^^^^^^^^
  File "/lustre/orion/lrn070/proj-shared/ndelingat/HydraGNN/installation_DOE_supercomputers/HydraGNN-Installation-Frontier/hydragnn_venv/lib/python3.11/site-packages/torch/nn/modules/module.py", line 1778, in _wrapped_call_impl
    return self._call_impl(*args, **kwargs)
           ^^^^^^^^^^^^^^^^^^^^^^^^^^^^^^^^
  File "/lustre/orion/lrn070/proj-shared/ndelingat/HydraGNN/installation_DOE_supercomputers/HydraGNN-Installation-Frontier/hydragnn_venv/lib/python3.11/site-packages/torch/nn/modules/module.py", line 1789, in _call_impl
    return forward_call(*args, **kwargs)
           ^^^^^^^^^^^^^^^^^^^^^^^^^^^^^
  File "/lustre/orion/lrn070/proj-shared/ndelingat/HydraGNN/installation_DOE_supercomputers/HydraGNN-Installation-Frontier/hydragnn_venv/lib/python3.11/site-packages/torch/nn/modules/activation.py", line 1433, in forward
    return torch._native_multi_head_attention(
           ^^^^^^^^^^^^^^^^^^^^^^^^^^^^^^^^^^^
NotImplementedError: Trying to use forward AD with aten::_native_multi_head_attention that does not support it.

During handling of the above exception, another exception occurred:

Traceback (most recent call last):
  File "/lustre/orion/lrn070/proj-shared/ndelingat/HydraGNN/examples/opf/analyze_opf_jacobian.py", line 1464, in <module>
    main()
  File "/lustre/orion/lrn070/proj-shared/ndelingat/HydraGNN/examples/opf/analyze_opf_jacobian.py", line 1360, in main
    response = jvp(
               ^^^^
  File "/lustre/orion/lrn070/proj-shared/ndelingat/HydraGNN/examples/opf/analyze_opf_jacobian.py", line 252, in __call__
    return self._autograd_jvp(function, primal, tangent)
           ^^^^^^^^^^^^^^^^^^^^^^^^^^^^^^^^^^^^^^^^^^^^^
  File "/lustre/orion/lrn070/proj-shared/ndelingat/HydraGNN/examples/opf/analyze_opf_jacobian.py", line 223, in _autograd_jvp
    _, response = torch.autograd.functional.jvp(
                  ^^^^^^^^^^^^^^^^^^^^^^^^^^^^^^
  File "/lustre/orion/lrn070/proj-shared/ndelingat/HydraGNN/installation_DOE_supercomputers/HydraGNN-Installation-Frontier/hydragnn_venv/lib/python3.11/site-packages/torch/autograd/functional.py", line 465, in jvp
    grad_res = _autograd_grad(
               ^^^^^^^^^^^^^^^
  File "/lustre/orion/lrn070/proj-shared/ndelingat/HydraGNN/installation_DOE_supercomputers/HydraGNN-Installation-Frontier/hydragnn_venv/lib/python3.11/site-packages/torch/autograd/functional.py", line 202, in _autograd_grad
    return torch.autograd.grad(
           ^^^^^^^^^^^^^^^^^^^^
  File "/lustre/orion/lrn070/proj-shared/ndelingat/HydraGNN/installation_DOE_supercomputers/HydraGNN-Installation-Frontier/hydragnn_venv/lib/python3.11/site-packages/torch/autograd/__init__.py", line 530, in grad
    result = _engine_run_backward(
             ^^^^^^^^^^^^^^^^^^^^^
  File "/lustre/orion/lrn070/proj-shared/ndelingat/HydraGNN/installation_DOE_supercomputers/HydraGNN-Installation-Frontier/hydragnn_venv/lib/python3.11/site-packages/torch/autograd/graph.py", line 882, in _engine_run_backward
    return Variable._execution_engine.run_backward(  # Calls into the C++ engine to run the backward pass
           ^^^^^^^^^^^^^^^^^^^^^^^^^^^^^^^^^^^^^^^^^^^^^^^^^^^^^^^^^^^^^^^^^^^^^^^^^^^^^^^^^^^^^^^^^^^^^^
RuntimeError: derivative for aten::_scaled_dot_product_efficient_attention_backward is not implemented
srun: error: frontier06769: task 0: Exited with exit code 1
srun: Terminating StepId=5115147.1
