Running "module reset". Resetting modules to system default. The following $MODULEPATH directories have been removed: None
-------------------------------------------------------------------------------
There are messages associated with the following module(s):
-------------------------------------------------------------------------------

DefApps:
   ROCm/5.x modules and HPE/Cray Programming Environment (CPE) versions <=
   23.12 were removed on July 1, 2026. For more information regarding the
   removal, please see https://docs.olcf.ornl.gov/software/software-news.html#frontier-software-changes-july-1-2026

-------------------------------------------------------------------------------


The following have been reloaded with a version change:
  1) PrgEnv-cray/8.6.0 => PrgEnv-cray/8.5.0
  2) cce/18.0.1 => cce/18.0.0
  3) cray-libsci/24.11.0 => cray-libsci/24.07.0
  4) cray-mpich/8.1.31 => cray-mpich/8.1.30
  5) cray-pmi/6.1.15 => cray-pmi/6.1.15.21
  6) craype/2.7.33 => craype/2.7.32
  7) darshan-runtime/3.4.6-mpi => darshan-runtime/3.4.4-mpi
  8) perftools-base/24.11.0 => perftools-base/24.07.0

Lmod Warning:
================================================================================

    Mixed compiler modules are being deprecated in a future release.
    For more information run: module help amd-mixed

================================================================================


While processing the following module(s):
    Module fullname  Module Filename
    ---------------  ---------------
    amd-mixed/7.1.1  /opt/cray/pe/lmod/modulefiles/mix_compilers/amd-mixed/7.1.1.lua


Lmod is automatically replacing "cce/18.0.0" with "gcc-native/13.2".


Lmod is automatically replacing "PrgEnv-cray/8.5.0" with "PrgEnv-gnu/8.5.0".

Lmod Warning:
================================================================================

    Mixed compiler modules are being deprecated in a future release.
    For more information run: module help amd-mixed

================================================================================


While processing the following module(s):
    Module fullname  Module Filename
    ---------------  ---------------
    amd-mixed/7.1.1  /opt/cray/pe/lmod/modulefiles/mix_compilers/amd-mixed/7.1.1.lua


Due to MODULEPATH changes, the following have been reloaded:
  1) cray-libsci/24.07.0     2) cray-mpich/8.1.30     3) darshan-runtime/3.4.4-mpi

Lmod Warning:
================================================================================

    Mixed compiler modules are being deprecated in a future release.
    For more information run: module help amd-mixed

================================================================================


While processing the following module(s):
    Module fullname  Module Filename
    ---------------  ---------------
    amd-mixed/7.1.1  /opt/cray/pe/lmod/modulefiles/mix_compilers/amd-mixed/7.1.1.lua


Note: the module "darshan-runtime" cannot be unloaded because it was not
loaded.

Lmod Warning:
================================================================================

    Mixed compiler modules are being deprecated in a future release.
    For more information run: module help amd-mixed

================================================================================


While processing the following module(s):
    Module fullname  Module Filename
    ---------------  ---------------
    amd-mixed/7.1.1  /opt/cray/pe/lmod/modulefiles/mix_compilers/amd-mixed/7.1.1.lua

============================================================
 OPF Jacobian single-GPU timing benchmark
 Model       : sage_n-case500
 Dataset     : /lustre/orion/lrn070/proj-shared/ndelingat/HydraGNN/examples/opf/dataset/case500.h5
 Checkpoint  : /lustre/orion/lrn070/proj-shared/ndelingat/HydraGNN/examples/opf/logs/sage_n-case500/sage_n-case500.pk
 CPU helpers : 7
 GPU/task    : 1
 Samples     : 10 test samples
 Sources     : 4 load nodes/sample
 Directions  : 80 total (4 loads x Pd/Qd x 10 samples)
 Output      : /lustre/orion/lrn070/proj-shared/ndelingat/HydraGNN/examples/opf/logs/sage_n-case500/jacobian_analysis_gpu_case500
============================================================
torch= 2.12.1+rocm7.1 hip= 7.1.52802 device= AMD Instinct MI250X
WARNING: All log messages before absl::InitializeLog() is called are written to STDERR
I0000 00:00:1785349684.970501 2927628 cudart_stub.cc:31] Could not find cuda drivers on your machine, GPU will not be used.
I0000 00:00:1785349686.683208 2927628 cpu_feature_guard.cc:227] This TensorFlow binary is optimized to use available CPU instructions in performance-critical operations.
To enable the following instructions: AVX2 FMA, in other operations, rebuild TensorFlow with the appropriate compiler flags.
WARNING: All log messages before absl::InitializeLog() is called are written to STDERR
I0000 00:00:1785349692.135211 2927628 cudart_stub.cc:31] Could not find cuda drivers on your machine, GPU will not be used.
/lustre/orion/lrn070/proj-shared/ndelingat/HydraGNN/hydragnn/utils/input_config_parsing/config_utils.py:210: UserWarning: E(3) equivariance can only be toggled for EGNN. Setting it for HeteroSAGE won't break anything,but won't change anything either.
  warnings.warn(
Checkpoint: /lustre/orion/lrn070/proj-shared/ndelingat/HydraGNN/examples/opf/logs/sage_n-case500/sage_n-case500_epoch_49.pk
Config:     /lustre/orion/lrn070/proj-shared/ndelingat/HydraGNN/examples/opf/logs/sage_n-case500/config.json
Dataset:    /lustre/orion/lrn070/proj-shared/ndelingat/HydraGNN/examples/opf/dataset/case500.h5
Device:     cuda:0
Precision:  fp32 analysis (checkpoint config: fp32)
Diagnostics: checkpoint oversmoothing collection disabled for JVPs
Results:    /lustre/orion/lrn070/proj-shared/ndelingat/HydraGNN/examples/opf/logs/sage_n-case500/jacobian_analysis_gpu_case500
Source sampling: up to 4 nodes per sample, rotated across samples.
Analyzing test: 10 samples
Progress: 1 samples, 8 JVPs, 1 topologies, 1.2 s
Progress: 2 samples, 16 JVPs, 1 topologies, 1.7 s
Progress: 3 samples, 24 JVPs, 1 topologies, 2.1 s
Progress: 4 samples, 32 JVPs, 1 topologies, 2.6 s
Progress: 5 samples, 40 JVPs, 1 topologies, 3.0 s
Progress: 6 samples, 48 JVPs, 1 topologies, 3.5 s
Progress: 7 samples, 56 JVPs, 1 topologies, 3.9 s
Progress: 8 samples, 64 JVPs, 1 topologies, 4.4 s
Progress: 9 samples, 72 JVPs, 1 topologies, 4.9 s
Progress: 10 samples, 80 JVPs, 1 topologies, 5.3 s
Complete: 10 samples and 80 JVPs in 5.3 s.
Wrote /lustre/orion/lrn070/proj-shared/ndelingat/HydraGNN/examples/opf/logs/sage_n-case500/jacobian_analysis_gpu_case500/radial_jacobian.csv
Wrote /lustre/orion/lrn070/proj-shared/ndelingat/HydraGNN/examples/opf/logs/sage_n-case500/jacobian_analysis_gpu_case500/radial_jacobian.json

Benchmark complete.
Results: /lustre/orion/lrn070/proj-shared/ndelingat/HydraGNN/examples/opf/logs/sage_n-case500/jacobian_analysis_gpu_case500/radial_jacobian.json
